---
description: Implement SDD tasks — writes code following specs and design
agent: gentle-orchestrator
subtask: true
---

You are the `gentle-orchestrator`, not an SDD executor. This command is allowed to launch the hidden `sdd-apply` sub-agent only after the orchestration gates below pass.

CONTEXT:

- Working directory: before doing anything else, run `git rev-parse --show-toplevel 2>/dev/null || pwd` with your bash tool and use the returned path as the authoritative workspace. In OpenCode Desktop (Electron) the parse-time interpolation resolves to the app data directory, not the project.
- Current project: the `basename` of the detected workspace above.

HARD GATES:

1. SDD Session Preflight must already be complete for this session. It must include execution mode, artifact store, chained PR strategy, and review budget. If missing, ask the exact orchestrator preflight prompt and STOP. Do not run apply in the same turn.
2. `sdd-init` must already exist or be run after preflight, per the orchestrator init guard.
3. Resolve the active change using the status contract. If `$ARGUMENTS` is missing or ambiguous, ask the user to choose and STOP. Do not guess.
4. Produce structured status before acting and use it to confirm the active change has spec, design, and tasks artifacts in the selected artifact store.
5. Review workload guard must have passed. If task forecast exceeds the session review budget or needs a chained-PR decision, ASK and STOP unless the preflight strategy already resolves it.
6. actionContext must allow implementation edits. If status reports `workspace-planning` with no allowed edit roots, STOP before launching apply.

DEPENDENCY CHECK:

- If spec, design, or tasks are missing, do NOT implement.
- Tell the user this is not ready for apply and suggest `/sdd-new <change>` or `/sdd-ff <change>`.

TASK:
If all gates pass, launch the hidden `sdd-apply` sub-agent with:

- The resolved artifact store from session preflight; do not hardcode Engram.
- The structured status: schemaName, planningHome/changeRoot, artifactPaths/contextFiles, task progress, applyState, dependency states, and actionContext.
- References to the spec, design, tasks, and any apply-progress artifacts.
- The resolved delivery/chained PR strategy and review budget.
- Strict TDD instructions if `sdd-init` detected strict TDD.

Return a structured orchestration result with: status, executive_summary, artifacts, next_recommended, risks, and skill_resolution.

POST-APPLY REVIEW ROUTING:
After apply returns, rerun native status. If `nextRecommended: review`, the parent orchestrator builds the explicit intended-untracked manifest and runs `gentle-ai review-start ... --cwd <repo> --lineage <id>`. The repository Git common directory plus canonical lineage ID determines the authoritative CAS store. The apply executor never launches review.

### Authority-First Terminal Procedure

Hashes cannot reconstruct policy, ledger, or verification-evidence bytes. Preserve the exact canonical policy and ledger preimages before review starts, and retain them with the exact independent verification-evidence preimage until native validation finishes. Materializing an ephemeral private native input is not mirror persistence.

#### Authoritative Review

| Order | Operation | Required authoritative result | Terminal mirrors |
|---|---|---|---|
| 01 | `preserve-preimages` | Hold exact policy and canonical native ledger bytes; hold selected-lens results in memory. | blocked |
| 02 | `review-start` | Append `review/start`, then run `review-resume` and verify the start revision, lineage, target identity, genesis, and ordered chain identity. | blocked |
| 03 | `record-lens-result` | Execute each selected lens exactly once and append/read back every required canonical result in selected order. | blocked |
| 04 | `freeze-findings` | Materialize ledger bytes only as an ephemeral private input; append/read back the validated canonical ledger and its computed identity. | blocked |
| 05 | `classify-evidence` | Append/read back exact evidence classes and authoritative outcomes for the frozen findings. | blocked |

#### Independent Final Verification

| Order | Operation | Required authoritative result | Terminal mirrors |
|---|---|---|---|
| 06 | `review-resume-preterminal` | Verify lineage, target identity, ordered chain identity, findings, evidence classes, counters, and bound canonical ledger identity. | blocked |
| 07 | `begin-final-verification` | Append/read back final-verification start without requiring a receipt, bundle, gate context, or other terminal-only artifact. | blocked |
| 08 | `independent-final-verification` | Verify requirements and runtime using only the preterminal transaction plus preserved policy and ledger; retain the exact canonical evidence bytes. | blocked |
| 09 | `complete-final-verification` | Hash the retained evidence preimage, append completion, and preserve the same bytes for the gate. | blocked |
| 10 | `review-resume-terminal` | Reload CAS and verify terminal state, revision, genesis, ordered chain identity, counters, and policy/ledger/evidence bindings. | blocked |

#### Terminal Materialization and Gate

| Order | Operation | Required authoritative result | Terminal mirrors |
|---|---|---|---|
| 11 | `review-bundle-export` | Export the validated terminal chain and capture its emitted store revision, genesis revision, chain identity, and bundle digest. The bundle remains non-authoritative transport. | blocked |
| 12 | `extract-terminal-receipt` | Structurally extract and materialize the bundle's natively produced `terminal_receipt`; extraction is allowed but does not authorize a gate. | blocked |
| 13 | `construct-gate-request` | Build `GateRequest` from emitted identities, target identity, and preserved policy/ledger/evidence artifacts or content; hash-check every preimage against terminal bindings. | blocked |
| 14 | `review-validate` | Validate the materialized receipt and request. Native validation derives the repository store and reloads authoritative CAS; it never trusts the bundle or mirrors as authority. | blocked |
| 15 | `reconcile-terminal-mirrors` | Only after `review-validate` returns allow, finalize or reconcile OpenSpec/Engram transaction, ledger, evidence, receipt, bundle, and gate-context mirrors from validated native state. | allowed |

No mirror mutation may precede its confirmed authority boundary; no terminal mirror may finalize before terminal readback and successful native validation. A failed append leaves mirrors at the last confirmed authoritative state. If machine output or post-append readback fails after an append committed, recover with `review-resume`, never `review-start` or a new budget. Empty and non-empty ledgers use the same procedure. Approved or escalated lineages are immutable, and an existing malformed lineage remains invalid and requires an explicit replacement lineage rather than history rewriting.

Reuse a valid receipt; later commit/push/PR/release events only validate it.
